[student@workstation ~]$ ssh root@utility 
Warning: Permanently added 'utility,172.25.250.253' (ECDSA) to the list of known hosts.
Activate the web console with: systemctl enable --now cockpit.socket

Register this system with Red Hat Insights: insights-client --register
Create an account or view all your systems at https://red.ht/insights-dashboard
Last login: Tue Nov 14 10:38:25 2023
[root@utility ~]# cd /home/lab/ocp4/auth/
[root@utility auth]# pwd
/home/lab/ocp4/auth
[root@utility auth]# ls -l
total 28
-rw-r-----. 1 lab lab    23 Sep 22  2022 kubeadmin-password
-rw-r-----. 1 lab lab  8474 Sep 22  2022 kubeconfig
-rw-rw-r--. 1 lab lab 12114 Sep 22  2022 kubeconfig-orig
[root@utility auth]# 
[root@utility auth]# scp -r kube* student@workstation:~/
The authenticity of host 'workstation (172.25.250.9)' can't be established.
ECDSA key fingerprint is SHA256:AQhX9q+SgGRLr60BhFdQUIa0HHd7xhDdm6PS6zMrSEw.
Are you sure you want to continue connecting (yes/no/[fingerprint])? yes
Warning: Permanently added 'workstation,172.25.250.9' (ECDSA) to the list of known hosts.
student@workstation's password: 
kubeadmin-password                                                                      100%   23     7.4KB/s   00:00    
kubeconfig                                                                              100% 8474    15.4MB/s   00:00    
kubeconfig-orig                                                                         100%   12KB   7.2MB/s   00:00    
[root@utility auth]# exit
logout
Connection to utility closed.
[student@workstation ~]$ 
############################################################
[student@workstation ~]$ oc whoami 
error: Missing or incomplete configuration info.  Please point to an existing, complete config file:


  1. Via the command-line flag --kubeconfig
  2. Via the KUBECONFIG environment variable
  3. In your home directory as ~/.kube/config

To view or setup config directly use the 'config' command.
[student@workstation ~]$ 

##########################################################################################################################################
[student@workstation ~]$ oc whoami 
error: Missing or incomplete configuration info.  Please point to an existing, complete config file:


  1. Via the command-line flag --kubeconfig
  2. Via the KUBECONFIG environment variable
  3. In your home directory as ~/.kube/config

To view or setup config directly use the 'config' command.
[student@workstation ~]$ 
[student@workstation ~]$ 
[student@workstation ~]$ oc get clusterversion --kubeconfig kubeconfig
NAME      VERSION   AVAILABLE   PROGRESSING   SINCE   STATUS
version   4.10.20   True        False         477d    Cluster version is 4.10.20
[student@workstation ~]$ 
[student@workstation ~]$ env | grep KUBECONFIG 
[student@workstation ~]$ export KUBECONFIG=/home/student/kubeconfig
[student@workstation ~]$ env | grep KUBECONFIG 
KUBECONFIG=/home/student/kubeconfig
[student@workstation ~]$ oc get clusterversion
NAME      VERSION   AVAILABLE   PROGRESSING   SINCE   STATUS
version   4.10.20   True        False         477d    Cluster version is 4.10.20
[student@workstation ~]$ 
[student@workstation ~]$ unset KUBECONFIG 
[student@workstation ~]$ env | grep KUBECONFIG 
[student@workstation ~]$ oc get clusterversion
error: Missing or incomplete configuration info.  Please point to an existing, complete config file:


  1. Via the command-line flag --kubeconfig
  2. Via the KUBECONFIG environment variable
  3. In your home directory as ~/.kube/config

To view or setup config directly use the 'config' command.
[student@workstation ~]$ 
[student@workstation ~]$ ls -l kubeconfig 
-rw-r-----. 1 student student 8474 Jan 13 04:42 kubeconfig
[student@workstation ~]$ ls -l .kube/
total 0
drwxr-x---. 4 student student 35 Jan 13 05:38 cache
[student@workstation ~]$ cp -rpv kubeconfig ~/.kube/config
'kubeconfig' -> '/home/student/.kube/config'
[student@workstation ~]$ ls -l .kube/
total 12
drwxr-x---. 4 student student   35 Jan 13 05:38 cache
-rw-r-----. 1 student student 8474 Jan 13 04:42 config
[student@workstation ~]$ oc get clusterversion
NAME      VERSION   AVAILABLE   PROGRESSING   SINCE   STATUS
version   4.10.20   True        False         477d    Cluster version is 4.10.20
[student@workstation ~]$ 
[student@workstation ~]$ mv .kube/config /tmp/
[student@workstation ~]$ ls -l .kube/
total 0
drwxr-x---. 4 student student 35 Jan 13 05:38 cache
[student@workstation ~]$ oc get clusterversion
error: Missing or incomplete configuration info.  Please point to an existing, complete config file:


  1. Via the command-line flag --kubeconfig
  2. Via the KUBECONFIG environment variable
  3. In your home directory as ~/.kube/config

To view or setup config directly use the 'config' command.
[student@workstation ~]$ 

####################################################################################
[student@workstation ~]$ 
[student@workstation ~]$ cat kubeconfig | grep server
    server: https://api.ocp4.example.com:6443
[student@workstation ~]$ cat kubeadmin-password 
HHTKq-zLFIR-NDeUp-zP5wi[student@workstation ~]$ 
[student@workstation ~]$ 
[student@workstation ~]$ 
[student@workstation ~]$ oc login -u kubeadmin -p HHTKq-zLFIR-NDeUp-zP5wi https://api.ocp4.example.com:6443
Login successful.

You have access to 66 projects, the list has been suppressed. You can list all projects with 'oc projects'

Using project "default".
Welcome! See 'oc help' to get started.
[student@workstation ~]$ 
[student@workstation ~]$ 
[student@workstation ~]$ oc whoami 
kube:admin
[student@workstation ~]$ oc whoami -t 
sha256~9CwvNN67obfcYzyO044MXJCjSScSLm-PC1C3ldWrfHE
[student@workstation ~]$ 
[student@workstation ~]$ oc whoami --show-console 
https://console-openshift-console.apps.ocp4.example.com
[student@workstation ~]$ oc get clusterversion 
NAME      VERSION   AVAILABLE   PROGRESSING   SINCE   STATUS
version   4.10.20   True        False         477d    Cluster version is 4.10.20
[student@workstation ~]$ 
[student@workstation ~]$ oc version 
Client Version: 4.10.20
Server Version: 4.10.20
Kubernetes Version: v1.23.5+3afdacb
[student@workstation ~]$ 

